........                                                                 [100%]
8 passed in 6.44s
